[("Nil",Lst),("Cons",(TArr (TArr Int -> Lst) -> Lst))]
Cons 4 Cons 3 Cons 2 Cons 1 Nil     
