GrinHC: Evaluation Error at (line 1, column 4): divide by zero
