[("Nil",Lst),("Cons",(TArr (TArr Int -> Lst) -> Lst))]
15
