GrinHC: Evaluation Error at (line 1, column 6): cannot perform arithmetic operation on non-number values
