GrinHC: Evaluation Error at (line 1, column 1)Dangling identifier
